---
source: crates/ariadne-scip/tests/ingest_svelte.rs
expression: summary
---
lang: svelte
docs: 3
symbols: 5
occurrences: 16
relationships: 0
top_symbols_by_occurrence:
  - scip-svelte-bridge npm sample-svelte 0.0.0 src/`Button.svelte`/buttonName. (5 occ)
  - local 0 (2 occ)
  - local 1 (2 occ)
  - local 3 (2 occ)
  - local 4 (2 occ)
normalized_symbol_ids:
  - 38f7445ab95073c1
  - 74c1e42b731d5d3a
  - 9b66c96bd133f898
  - a416b411483ba771
  - fdf5e2a59f5207f6
